[35m[0m[90m    1 [0m[35m[0m[3;36m# This is a comment[0m
[90m    2 [0m[35m[0m
[90m    3 [0m[35m[0m[1;36mfunction[0m [35mgreet[0m[33m() {[0m
[90m    4 [0m[35m[0m  [1;32mlocal[0m [35mname[0m[33m=[0m[35m[0m[1;90m$1[0m
[90m    5 [0m[35m[0m  [1;32mecho[0m [35m[0m[33m"Hello,[0m [91m$name[0m[33m!"[0m[35m[0m
[90m    6 [0m[35m[0m[33m}[0m
[90m    7 [0m[35m[0m
[90m    8 [0m[35m[0m[1;36mfor[0m [35mi[0m [1;36min[0m [35m[0m[33m{[0m[35m[0m[36m1[0m[35m.[0m[36m.10[0m[35m[0m[33m};[0m [35m[0m[1;36mdo[0m
[90m    9 [0m[35m[0m  [1;36mif[0m [35m[0m[33m[[0m [35m[0m[1;90m$i[0m [35m[0m[1;32m-eq[0m [35m[0m[36m3[0m [35m[0m[33m] || [[0m [35m[0m[1;90m$i[0m [35m[0m[1;32m-eq[0m [35m[0m[36m7[0m [35m[0m[33m];[0m [35m[0m[1;36mthen[0m
[90m   10 [0m[35m[0m    [1;32mecho[0m [35m[0m[33m"Skipping number[0m [91m$i[0m[33m"[0m[35m[0m
[90m   11 [0m[35m[0m    [1;32mcontinue[0m
[90m   12 [0m[35m[0m  [1;36melif[0m [35m[0m[33m[[0m [35m[0m[1;90m$i[0m [35m[0m[1;32m-gt[0m [35m[0m[36m5[0m [35m[0m[33m];[0m [35m[0m[1;36mthen[0m
[90m   13 [0m[35m[0m    [1;32mecho[0m [35m[0m[33m"Number[0m [91m$i[0m [33mis greater than 5:[0m [91m$(date)[0m[33m"[0m[35m[0m
[90m   14 [0m[35m[0m    [1;32mbreak[0m
[90m   15 [0m[35m[0m  [1;36melse[0m
[90m   16 [0m[35m    greet[0m [33m"user"[0m[35m[0m
[90m   17 [0m[35m[0m  [1;36mfi[0m
[90m   18 [0m[35m[0m[1;36mdone[0m
[90m   19 [0m[35m[0m
