Source: https://gist.github.com/HaleTom/89ffe32783f89f403bba96bd7bcd1263
[40m[97m  0[0m [41m[30m  1[0m [42m[30m  2[0m [43m[30m  3[0m [44m[30m  4[0m [45m[30m  5[0m [46m[30m  6[0m [47m[30m  7[0m [100m[30m  8[0m [101m[30m  9[0m [102m[30m 10[0m [103m[30m 11[0m [104m[30m 12[0m [105m[30m 13[0m [106m[30m 14[0m [107m[30m 15[0m   

[40m[97m 16[0m [40m[97m 17[0m [44m[97m 18[0m [44m[97m 19[0m [44m[97m 20[0m [44m[97m 21[0m   [40m[97m 52[0m [40m[97m 53[0m [45m[97m 54[0m [44m[97m 55[0m [44m[97m 56[0m [104m[97m 57[0m   [41m[97m 88[0m [41m[97m 89[0m [45m[97m 90[0m [45m[97m 91[0m [45m[97m 92[0m [45m[97m 93[0m   
[40m[97m 22[0m [40m[97m 23[0m [46m[97m 24[0m [44m[97m 25[0m [44m[97m 26[0m [104m[97m 27[0m   [40m[97m 58[0m [100m[97m 59[0m [100m[97m 60[0m [100m[97m 61[0m [104m[97m 62[0m [104m[97m 63[0m   [41m[97m 94[0m [100m[97m 95[0m [100m[97m 96[0m [100m[97m 97[0m [104m[97m 98[0m [104m[97m 99[0m   
[42m[97m 28[0m [42m[97m 29[0m [46m[97m 30[0m [46m[97m 31[0m [46m[97m 32[0m [46m[97m 33[0m   [42m[97m 64[0m [100m[97m 65[0m [100m[97m 66[0m [100m[97m 67[0m [104m[97m 68[0m [104m[97m 69[0m   [43m[97m100[0m [100m[97m101[0m [100m[97m102[0m [100m[97m103[0m [104m[97m104[0m [104m[97m105[0m   
[42m[30m 34[0m [42m[30m 35[0m [46m[30m 36[0m [46m[30m 37[0m [46m[30m 38[0m [46m[30m 39[0m   [42m[30m 70[0m [100m[30m 71[0m [100m[30m 72[0m [100m[30m 73[0m [104m[30m 74[0m [104m[30m 75[0m   [43m[30m106[0m [100m[30m107[0m [100m[30m108[0m [100m[30m109[0m [100m[30m110[0m [104m[30m111[0m   
[42m[30m 40[0m [42m[30m 41[0m [46m[30m 42[0m [46m[30m 43[0m [46m[30m 44[0m [106m[30m 45[0m   [42m[30m 76[0m [100m[30m 77[0m [100m[30m 78[0m [46m[30m 79[0m [46m[30m 80[0m [106m[30m 81[0m   [43m[30m112[0m [100m[30m113[0m [100m[30m114[0m [100m[30m115[0m [47m[30m116[0m [47m[30m117[0m   
[102m[30m 46[0m [102m[30m 47[0m [46m[30m 48[0m [46m[30m 49[0m [106m[30m 50[0m [106m[30m 51[0m   [102m[30m 82[0m [102m[30m 83[0m [46m[30m 84[0m [46m[30m 85[0m [106m[30m 86[0m [106m[30m 87[0m   [43m[30m118[0m [43m[30m119[0m [100m[30m120[0m [47m[30m121[0m [47m[30m122[0m [47m[30m123[0m   

[41m[97m124[0m [41m[97m125[0m [45m[97m126[0m [45m[97m127[0m [45m[97m128[0m [45m[97m129[0m   [41m[97m160[0m [41m[97m161[0m [45m[97m162[0m [45m[97m163[0m [45m[97m164[0m [105m[97m165[0m   [101m[97m196[0m [101m[97m197[0m [45m[97m198[0m [45m[97m199[0m [105m[97m200[0m [105m[97m201[0m   
[41m[97m130[0m [100m[97m131[0m [100m[97m132[0m [100m[97m133[0m [104m[97m134[0m [104m[97m135[0m   [41m[97m166[0m [100m[97m167[0m [100m[97m168[0m [45m[97m169[0m [45m[97m170[0m [105m[97m171[0m   [101m[97m202[0m [101m[97m203[0m [45m[97m204[0m [45m[97m205[0m [105m[97m206[0m [105m[97m207[0m   
[43m[97m136[0m [100m[97m137[0m [100m[97m138[0m [100m[97m139[0m [100m[97m140[0m [104m[97m141[0m   [43m[97m172[0m [100m[97m173[0m [100m[97m174[0m [100m[97m175[0m [47m[97m176[0m [47m[97m177[0m   [43m[97m208[0m [43m[97m209[0m [100m[97m210[0m [47m[97m211[0m [47m[97m212[0m [47m[97m213[0m   
[43m[30m142[0m [100m[30m143[0m [100m[30m144[0m [100m[30m145[0m [47m[30m146[0m [47m[30m147[0m   [43m[30m178[0m [43m[30m179[0m [100m[30m180[0m [47m[30m181[0m [47m[30m182[0m [47m[30m183[0m   [43m[30m214[0m [43m[30m215[0m [47m[30m216[0m [47m[30m217[0m [47m[30m218[0m [47m[30m219[0m   
[43m[30m148[0m [43m[30m149[0m [100m[30m150[0m [47m[30m151[0m [47m[30m152[0m [47m[30m153[0m   [43m[30m184[0m [43m[30m185[0m [47m[30m186[0m [47m[30m187[0m [47m[30m188[0m [47m[30m189[0m   [103m[30m220[0m [103m[30m221[0m [47m[30m222[0m [47m[30m223[0m [47m[30m224[0m [47m[30m225[0m   
[43m[30m154[0m [43m[30m155[0m [47m[30m156[0m [47m[30m157[0m [47m[30m158[0m [47m[30m159[0m   [103m[30m190[0m [103m[30m191[0m [47m[30m192[0m [47m[30m193[0m [47m[30m194[0m [47m[30m195[0m   [103m[30m226[0m [103m[30m227[0m [47m[30m228[0m [47m[30m229[0m [47m[30m230[0m [107m[30m231[0m   

[40m[97m232[0m [40m[97m233[0m [40m[97m234[0m [40m[97m235[0m [40m[97m236[0m [40m[97m237[0m [100m[97m238[0m [100m[97m239[0m [100m[97m240[0m [100m[97m241[0m [100m[97m242[0m [100m[97m243[0m   
[100m[30m244[0m [100m[30m245[0m [100m[30m246[0m [100m[30m247[0m [100m[30m248[0m [47m[30m249[0m [47m[30m250[0m [47m[30m251[0m [47m[30m252[0m [47m[30m253[0m [47m[30m254[0m [47m[30m255[0m   
