[40m [40m [40m [40m [40m [40m [40m [40m [40m [40m [40m [40m [40m [40m [40m [40m [40m [40m [40m [40m [40m [40m [40m [40m [40m [40m [40m [40m [40m [40m [40m [40m [40m [40m [40m [40m [40m [40m [40m [40m [40m [40m [40m [40m [40m [40m [40m [40m [40m [40m [40m [40m [40m [40m [40m [40m [40m [40m [40m [40m [40m [40m [40m [40m [40m [40m [40m [40m [40m [40m [40m [40m [40m [40m [40m [40m [40m [40m [40m [40m [40m [40m [40m [40m [40m [40m [40m [40m [40m [40m [40m [40m [40m [40m [40m [40m [40m [40m [40m [40m [40m [40m [40m [41m [41m [41m [41m [41m [41m [41m [41m [41m [41m [41m [41m [41m [41m [41m [41m [41m [41m [41m [41m [41m [41m [41m [41m [41m [0m
[0m
[40m [40m [40m [40m [40m [40m [40m [40m [40m [40m [40m [40m [40m [40m [40m [40m [40m [40m [40m [40m [40m [40m [40m [40m [40m [40m [40m [40m [40m [40m [40m [40m [40m [40m [40m [40m [40m [40m [40m [40m [40m [40m [40m [40m [40m [40m [40m [40m [40m [40m [40m [40m [40m [40m [40m [40m [40m [40m [40m [40m [40m [40m [40m [40m [40m [40m [40m [40m [40m [40m [40m [40m [40m [40m [40m [40m [40m [40m [40m [40m [40m [40m [40m [40m [40m [40m [40m [40m [40m [40m [40m [40m [40m [40m [40m [40m [40m [40m [40m [40m [40m [40m [40m [42m [42m [42m [42m [42m [42m [42m [42m [42m [42m [42m [42m [42m [42m [42m [42m [42m [42m [42m [42m [42m [42m [42m [42m [42m [0m
[0m
[40m [40m [40m [40m [40m [40m [40m [40m [40m [40m [40m [40m [40m [40m [40m [40m [40m [40m [40m [40m [40m [40m [40m [40m [40m [40m [40m [40m [40m [40m [40m [40m [40m [40m [40m [40m [40m [40m [40m [40m [40m [40m [40m [40m [40m [40m [40m [40m [40m [40m [40m [40m [40m [40m [40m [40m [40m [40m [40m [40m [40m [40m [40m [40m [40m [40m [40m [40m [40m [40m [40m [40m [40m [40m [40m [40m [40m [40m [40m [40m [40m [40m [40m [40m [40m [40m [40m [40m [40m [40m [40m [40m [40m [40m [40m [40m [40m [40m [40m [40m [40m [40m [40m [40m [40m [40m [40m [40m [40m [40m [40m [40m [40m [40m [40m [40m [40m [40m [40m [40m [44m [44m [44m [44m [44m [44m [44m [44m [0m
[0m
[101m [101m [101m [101m [101m [101m [101m [101m [101m [101m [101m [101m [101m [101m [101m [101m [101m [101m [101m [43m [43m [43m [43m [43m [43m [43m [43m [43m [43m [43m [43m [43m [43m [43m [43m [103m [103m [103m [103m [103m [103m [103m [103m [103m [103m [103m [103m [103m [103m [103m [103m [103m [43m [43m [43m [43m [43m [43m [43m [43m [43m [43m [43m [43m [43m [43m [43m [43m [102m [102m [102m [102m [102m [102m [102m [102m [102m [102m [102m [102m [102m [102m [102m [102m [102m [102m [102m [102m [102m [102m [102m [102m [102m [102m [102m [102m [102m [102m [102m [102m [102m [102m [102m [102m [102m [46m [46m [46m [46m [46m [46m [46m [46m [46m [46m [46m [46m [46m [46m [46m [46m [106m [106m [106m [106m [106m [106m [106m [0m
[0m
